// Jest Snapshot v1, https://goo.gl/fbAQLP

exports[`should render multiple paths correctly 1`] = `undefined`;

exports[`should render multiple paths correctly 2`] = `undefined`;
