// Jest Snapshot v1, https://goo.gl/fbAQLP

exports[`should render a character with the provided data 1`] = `
<div>
  <div
    class="charCard"
  >
    <h3
      class="name"
    >
      Rick Sanchez
    </h3>
    <div
      class="origin"
    >
      Origin: 
    </div>
    <div>
      Status: 
      Alive
    </div>
    <img
      alt="Rick Sanchez"
      src="https://rickandmortyapi.com/api/character/avatar/1.jpeg"
    />
  </div>
</div>
`;
