// Jest Snapshot v1, https://goo.gl/fbAQLP

exports[`should fetch and render a list of characters 1`] = `
<div>
  <header>
    <h1>
      Rick and Morty Characters
    </h1>
    <h4>
      <a
        href="/"
      >
        Home
      </a>
      <span>
         / 
        <a
          href="/characters"
        >
          characters
        </a>
      </span>
      <span>
         / 
        <a
          href="/characters/1"
        >
          1
        </a>
      </span>
    </h4>
  </header>
  <h2>
    Character Details:
  </h2>
  <div
    class="charCard"
  >
    <h3
      class="name"
    >
      bob
    </h3>
    <div
      class="origin"
    >
      Origin: 
    </div>
    <div>
      Status: 
      hi erich
    </div>
    <img
      alt="bob"
      src="asdf.jpg"
    />
  </div>
</div>
`;
