// Jest Snapshot v1, https://goo.gl/fbAQLP

exports[`should render Loading text and progressively add dots 1`] = `
<div>
  <h2>
    Loading
  </h2>
</div>
`;
